../Core/Src/main.c:97:5:main	32	static
../Core/Src/main.c:263:6:HAL_TIM_PeriodElapsedCallback	16	static
../Core/Src/main.c:276:6:HAL_TIM_PWM_PulseFinishedCallback	16	static
../Core/Src/main.c:285:6:HAL_UARTEx_RxEventCallback	32	static
../Core/Src/main.c:350:6:HAL_UART_ErrorCallback	16	static
../Core/Src/main.c:365:6:SystemClock_Config	88	static
../Core/Src/main.c:413:13:MX_TIM2_Init	64	static
../Core/Src/main.c:472:13:MX_TIM6_Init	24	static
../Core/Src/main.c:510:13:MX_TIM15_Init	120	static
../Core/Src/main.c:586:13:MX_UART4_Init	8	static
../Core/Src/main.c:634:13:MX_USB_PCD_Init	8	static
../Core/Src/main.c:665:13:MX_DMA_Init	16	static
../Core/Src/main.c:690:13:MX_GPIO_Init	48	static
../Core/Src/main.c:816:6:Error_Handler	4	static,ignoring_inline_asm
